// Jest Snapshot v1, https://goo.gl/fbAQLP

exports[`Test App renders react title 1`] = `
<input
  placeholder="password"
  type="text"
/>
`;

exports[`Test App renders react title 2`] = `
<input
  placeholder="password"
  type="text"
/>
`;

exports[`renders react title 1`] = `
<input
  placeholder="password"
  type="text"
/>
`;
